Release 10.1.03 Map K.39 (lin64)
Xilinx Map Application Log File for Design 'nf2_top'

Design Information
------------------
Command Line   : map -intstyle ise -timing -xe n -detail -ol high -cm speed
-register_duplication -ignore_keep_hierarchy -pr b -k 4 -c 100 -tx off
nf2_top.ngd 
Target Device  : xc2vp50
Target Package : ff1152
Target Speed   : -7
Mapper Version : virtex2p -- $Revision: 1.46.12.2 $
Mapped Date    : Mon Feb 17 17:08:10 2025

Mapping design into LUTs...
Running directed packing...
Running delay-based LUT packing...
Running timing-driven packing...

Phase 1.1
Phase 1.1 (Checksum:3513ea81) REAL time: 16 secs 

Phase 2.7
Phase 2.7 (Checksum:3513ea81) REAL time: 16 secs 

Phase 3.31
Phase 3.31 (Checksum:3513ea81) REAL time: 16 secs 

Phase 4.2

.
Phase 4.2 (Checksum:351a06ea) REAL time: 18 secs 

Phase 5.30
Phase 5.30 (Checksum:351a06ea) REAL time: 18 secs 

Phase 6.3
Phase 6.3 (Checksum:351a06ea) REAL time: 19 secs 

Phase 7.5
Phase 7.5 (Checksum:351a06ea) REAL time: 19 secs 

Phase 8.4
..........................
............
Phase 8.4 (Checksum:351a06ea) REAL time: 28 secs 

Phase 9.28
Phase 9.28 (Checksum:351a06ea) REAL time: 29 secs 

Phase 10.8
..........................
................
.....
...............................
...............
...............
...............
Phase 10.8 (Checksum:c9120240) REAL time: 55 secs 

Phase 11.29
Phase 11.29 (Checksum:c9120240) REAL time: 55 secs 

Phase 12.5
Phase 12.5 (Checksum:c9120240) REAL time: 56 secs 

Phase 13.18
Phase 13.18 (Checksum:c9ab70c4) REAL time: 2 mins 3 secs 

Phase 14.5
Phase 14.5 (Checksum:c9ab70c4) REAL time: 2 mins 3 secs 

Phase 15.27
Phase 15.27 (Checksum:c9ab7370) REAL time: 2 mins 6 secs 

Phase 16.24
Phase 16.24 (Checksum:c9ab7370) REAL time: 2 mins 8 secs 

REAL time consumed by placer: 2 mins 8 secs 
CPU  time consumed by placer: 1 mins 26 secs 
Invoking physical synthesis ...

Physical synthesis completed.

Design Summary
--------------

Design Summary:
Number of errors:      0
Number of warnings: 2315
Logic Utilization:
  Number of Slice Flip Flops:        14,671 out of  47,232   31%
  Number of 4 input LUTs:            21,885 out of  47,232   46%
Logic Distribution:
  Number of occupied Slices:         15,147 out of  23,616   64%
    Number of Slices containing only related logic:  15,147 out of  15,147 100%
    Number of Slices containing unrelated logic:          0 out of  15,147   0%
      *See NOTES below for an explanation of the effects of unrelated logic.
  Total Number of 4 input LUTs:      23,135 out of  47,232   48%
    Number used as logic:            18,801
    Number used as a route-thru:      1,250
    Number used for Dual Port RAMs:   1,964
      (Two LUTs used per Dual Port RAM)
    Number used for 32x1 RAMs:          384
      (Two LUTs used per 32x1 RAM)
    Number used as 16x1 RAMs:           160
    Number used as Shift registers:     576
  Number of bonded IOBs:                356 out of     692   51%
    IOB Flip Flops:                     651
  Number of RAMB16s:                    108 out of     232   46%
  Number of BUFGMUXs:                     8 out of      16   50%
  Number of DCMs:                         6 out of       8   75%

  Number of RPM macros:           25
Peak Memory Usage:  1728 MB
Total REAL time to MAP completion:  2 mins 31 secs 
Total CPU time to MAP completion:   1 mins 41 secs 

Mapping completed.
See MAP report file "nf2_top.mrp" for details.
